  Program.cpp
C:\Users\허봉식\Desktop\2025C-2\Program\Program.cpp(36,5): error C4430: 형식 지정자가 없습니다. int로 가정합니다. 참고: C++에서는 기본 int를 지원하지 않습니다.
      C:\Users\허봉식\Desktop\2025C-2\Program\Program.cpp(36,5):
      템플릿 인스턴스화 컨텍스트(가장 오래된 인스턴스화 컨텍스트)가
          C:\Users\허봉식\Desktop\2025C-2\Program\Program.cpp(8,7):
          클래스 템플릿 'HashTable'을(를) 컴파일하는 동안
  
C:\Users\허봉식\Desktop\2025C-2\Program\Program.cpp(38,21): error C2760: 구문 오류: 여기서 'const'은(는) 예상치 못한 오류였습니다. 예상된 오류는 '식'였습니다
      C:\Users\허봉식\Desktop\2025C-2\Program\Program.cpp(36,5):
      이 진단은 컴파일러 생성 함수 'int HashTable<KEY,VALUE>::Hash_Function(T)'에서 수행되었습니다.
  
C:\Users\허봉식\Desktop\2025C-2\Program\Program.cpp(38,21): error C3878: 구문 오류: 예기치 않은 토큰 'const'이(가) 'expression' 다음에 있습니다.
      C:\Users\허봉식\Desktop\2025C-2\Program\Program.cpp(36,5):
      이 진단은 컴파일러 생성 함수 'int HashTable<KEY,VALUE>::Hash_Function(T)'에서 수행되었습니다.
  
C:\Users\허봉식\Desktop\2025C-2\Program\Program.cpp(38,21): message : 오류 복구를 건너뛰었습니다. 'const char'
      C:\Users\허봉식\Desktop\2025C-2\Program\Program.cpp(36,5):
      이 진단은 컴파일러 생성 함수 'int HashTable<KEY,VALUE>::Hash_Function(T)'에서 수행되었습니다.
  
C:\Users\허봉식\Desktop\2025C-2\Program\Program.cpp(42,9): error C2065: 'value': 선언되지 않은 식별자입니다.
      C:\Users\허봉식\Desktop\2025C-2\Program\Program.cpp(36,5):
      이 진단은 컴파일러 생성 함수 'int HashTable<KEY,VALUE>::Hash_Function(T)'에서 수행되었습니다.
  
C:\Users\허봉식\Desktop\2025C-2\Program\Program.cpp(43,9): error C2065: 'key': 선언되지 않은 식별자입니다.
      C:\Users\허봉식\Desktop\2025C-2\Program\Program.cpp(36,5):
      이 진단은 컴파일러 생성 함수 'int HashTable<KEY,VALUE>::Hash_Function(T)'에서 수행되었습니다.
  
